[2026-08-27 18:13:00] ======================================================================
[2026-08-27 18:13:00] STARTING COSMOFEED DAILY PAYOUT & COMPLIANCE PIPELINE FOR 2026-08-27
[2026-08-27 18:13:00] Target Manager Submission Deadline: 2026-09-05
[2026-08-27 18:13:00] ======================================================================
[2026-08-27 18:13:00] No COSMOFEED_TOKEN set in environment. Utilizing stored audit batch data.
[2026-08-27 18:13:00] Running build_data_from_audit.py (SEBI verification & Non-SEBI ledger)...
[2026-08-27 18:13:02] Data building and Non-SEBI ledger upsert finished.
[2026-08-27 18:13:02] Non-SEBI Cumulative Ledger Status:
[2026-08-27 18:13:02]   Total Unique Creators: 300
[2026-08-27 18:13:02]   Cumulative Volume Held: INR 3,590,595.00
[2026-08-27 18:13:02]   Excel Generated: True
[2026-08-27 18:13:02]   Manager PDF Generated: True
[2026-08-27 18:13:02]   Payout PDF Generated: True
[2026-08-27 18:13:02] ======================================================================
[2026-08-27 18:13:02] DAILY AUDIT PIPELINE COMPLETED SUCCESSFULLY BEFORE 10:00 AM!
[2026-08-27 18:13:02] ======================================================================
[2026-08-28 10:21:13] ======================================================================
[2026-08-28 10:21:13] STARTING COSMOFEED DAILY PAYOUT & COMPLIANCE PIPELINE FOR 2026-08-28
[2026-08-28 10:21:13] Target Manager Submission Deadline: 2026-09-05
[2026-08-28 10:21:13] ======================================================================
[2026-08-28 10:21:13] No COSMOFEED_TOKEN set in environment. Utilizing stored audit batch data.
[2026-08-28 10:21:13] Running build_data_from_audit.py (SEBI verification & Non-SEBI ledger)...
[2026-08-28 10:21:15] Data building and Non-SEBI ledger upsert finished.
[2026-08-28 10:21:15] Non-SEBI Cumulative Ledger Status:
[2026-08-28 10:21:15]   Total Unique Creators: 300
[2026-08-28 10:21:15]   Cumulative Volume Held: INR 3,590,595.00
[2026-08-28 10:21:15]   Excel Generated: True
[2026-08-28 10:21:15]   Manager PDF Generated: True
[2026-08-28 10:21:15]   Payout PDF Generated: True
[2026-08-28 10:21:15] ======================================================================
[2026-08-28 10:21:15] DAILY AUDIT PIPELINE COMPLETED SUCCESSFULLY BEFORE 10:00 AM!
[2026-08-28 10:21:15] ======================================================================
[2026-08-31 10:08:20] ======================================================================
[2026-08-31 10:08:20] STARTING COSMOFEED DAILY PAYOUT & COMPLIANCE PIPELINE FOR 2026-08-31
[2026-08-31 10:08:20] Target Manager Submission Deadline: 2026-09-05
[2026-08-31 10:08:20] ======================================================================
[2026-08-31 10:08:20] No active COSMOFEED_TOKEN set. Utilizing latest stored audit batch data.
[2026-08-31 10:08:20] Running build_data_from_audit.py (SEBI verification & Non-SEBI ledger)...
[2026-08-31 10:08:31] Data building and Non-SEBI ledger upsert finished.
[2026-08-31 10:08:31] Non-SEBI Cumulative Ledger Status:
[2026-08-31 10:08:31]   Total Unique Creators: 383
[2026-08-31 10:08:31]   Cumulative Volume Held: INR 5,215,714.00
[2026-08-31 10:08:31]   Excel Generated: True
[2026-08-31 10:08:31]   Manager PDF Generated: True
[2026-08-31 10:08:31]   Payout PDF Generated: True
[2026-08-31 10:08:31] Checking git synchronization...
[2026-08-31 10:08:31] Committed changes: auto: Daily payout audit & Non-SEBI ledger update [2026-08-31]
[2026-08-31 10:08:33] Git push notice: To https://github.com/mohitkr04/cosmofeed_settlement.git
 ! [rejected]        main -> main (non-fast-forward)
error: failed to push some refs to 'https://github.com/mohitkr04/cosmofeed_settlement.git'
[2026-08-31 10:08:33] ======================================================================
[2026-08-31 10:08:33] DAILY AUDIT PIPELINE COMPLETED SUCCESSFULLY BEFORE 10:00 AM!
[2026-08-31 10:08:33] ======================================================================
[2026-08-31 10:14:16] ======================================================================
[2026-08-31 10:14:16] STARTING COSMOFEED DAILY PAYOUT & COMPLIANCE PIPELINE FOR 2026-08-31
[2026-08-31 10:14:16] Target Manager Submission Deadline: 2026-09-05
[2026-08-31 10:14:16] ======================================================================
[2026-08-31 10:14:16] No active COSMOFEED_TOKEN set. Utilizing latest stored audit batch data.
[2026-08-31 10:14:16] Running build_data_from_audit.py (SEBI verification & Non-SEBI ledger)...
[2026-08-31 10:14:18] Data building and Non-SEBI ledger upsert finished.
[2026-08-31 10:14:18] Non-SEBI Cumulative Ledger Status:
[2026-08-31 10:14:18]   Total Unique Creators: 383
[2026-08-31 10:14:18]   Cumulative Volume Held: INR 5,215,714.00
[2026-08-31 10:14:18]   Excel Generated: True
[2026-08-31 10:14:18]   Manager PDF Generated: True
[2026-08-31 10:14:18]   Payout PDF Generated: True
[2026-08-31 10:14:18] ======================================================================
[2026-08-31 10:14:18] DAILY AUDIT PIPELINE COMPLETED SUCCESSFULLY BEFORE 10:00 AM!
[2026-08-31 10:14:18] ======================================================================
[2026-08-31 10:17:21] ======================================================================
[2026-08-31 10:17:21] STARTING COSMOFEED DAILY PAYOUT & COMPLIANCE PIPELINE FOR 2026-08-31
[2026-08-31 10:17:21] Target Manager Submission Deadline: 2026-09-05
[2026-08-31 10:17:21] ======================================================================
[2026-08-31 10:17:21] No active COSMOFEED_TOKEN set. Utilizing latest stored audit batch data.
[2026-08-31 10:17:21] Running build_data_from_audit.py (SEBI verification & Non-SEBI ledger)...
[2026-08-31 10:17:22] Data building and Non-SEBI ledger upsert finished.
[2026-08-31 10:17:23] Non-SEBI Cumulative Ledger Status:
[2026-08-31 10:17:23]   Total Unique Creators: 384
[2026-08-31 10:17:23]   Cumulative Volume Held: INR 5,303,053.00
[2026-08-31 10:17:23]   Excel Generated: True
[2026-08-31 10:17:23]   Manager PDF Generated: True
[2026-08-31 10:17:23]   Payout PDF Generated: True
[2026-08-31 10:17:23] Checking git synchronization...
[2026-08-31 10:17:23] Committed changes: auto: Daily payout audit & Non-SEBI ledger update [2026-08-31]
[2026-08-31 10:17:24] Git push notice: To https://github.com/mohitkr04/cosmofeed_settlement.git
 ! [rejected]        main -> main (fetch first)
error: failed to push some refs to 'https://github.com/mohitkr04/cosmofeed_settlement.git'
hint
[2026-08-31 10:17:24] ======================================================================
[2026-08-31 10:17:24] DAILY AUDIT PIPELINE COMPLETED SUCCESSFULLY BEFORE 10:00 AM!
[2026-08-31 10:17:24] ======================================================================
[2026-08-31 10:23:37] ======================================================================
[2026-08-31 10:23:37] STARTING COSMOFEED DAILY PAYOUT & COMPLIANCE PIPELINE FOR 2026-08-31
[2026-08-31 10:23:37] Target Manager Submission Deadline: 2026-09-05
[2026-08-31 10:23:37] ======================================================================
[2026-08-31 10:23:37] No active COSMOFEED_TOKEN set. Utilizing latest stored audit batch data.
[2026-08-31 10:23:37] Running build_data_from_audit.py (SEBI verification & Non-SEBI ledger)...
[2026-08-31 10:23:39] Data building and Non-SEBI ledger upsert finished.
[2026-08-31 10:23:39] Non-SEBI Cumulative Ledger Status:
[2026-08-31 10:23:39]   Total Unique Creators: 384
[2026-08-31 10:23:39]   Cumulative Volume Held: INR 7,591,814.00
[2026-08-31 10:23:39]   Excel Generated: True
[2026-08-31 10:23:39]   Manager PDF Generated: True
[2026-08-31 10:23:39]   Payout PDF Generated: True
[2026-08-31 10:23:39] ======================================================================
[2026-08-31 10:23:39] DAILY AUDIT PIPELINE COMPLETED SUCCESSFULLY BEFORE 10:00 AM!
[2026-08-31 10:23:39] ======================================================================
[2026-08-31 04:54:42] ======================================================================
[2026-08-31 04:54:42] STARTING COSMOFEED DAILY PAYOUT & COMPLIANCE PIPELINE FOR 2026-08-31
[2026-08-31 04:54:42] Target Manager Submission Deadline: 2026-09-05
[2026-08-31 04:54:42] ======================================================================
[2026-08-31 04:54:42] Found valid COSMOFEED_TOKEN in environment. Attempting live settlement scrape...
[2026-08-31 04:55:02] Live scrape skipped/fallback: Command '['/opt/hostedtoolcache/Python/3.11.16/x64/bin/python', 'payout_audit_agent.py', '--date', '2026-08-31']' timed out after 20 seconds
[2026-08-31 04:55:02] Running build_data_from_audit.py (SEBI verification & Non-SEBI ledger)...
[2026-08-31 04:55:37] Data building and Non-SEBI ledger upsert finished.
[2026-08-31 04:55:37] Non-SEBI Cumulative Ledger Status:
[2026-08-31 04:55:37]   Total Unique Creators: 384
[2026-08-31 04:55:37]   Cumulative Volume Held: INR 7,591,814.00
[2026-08-31 04:55:37]   Excel Generated: True
[2026-08-31 04:55:37]   Manager PDF Generated: True
[2026-08-31 04:55:37]   Payout PDF Generated: True
[2026-08-31 04:55:37] ======================================================================
[2026-08-31 04:55:37] DAILY AUDIT PIPELINE COMPLETED SUCCESSFULLY BEFORE 10:00 AM!
[2026-08-31 04:55:37] ======================================================================
[2026-08-31 10:34:06] ======================================================================
[2026-08-31 10:34:06] STARTING COSMOFEED DAILY PAYOUT & COMPLIANCE PIPELINE FOR 2026-08-31
[2026-08-31 10:34:06] Target Manager Submission Deadline: 2026-09-05
[2026-08-31 10:34:06] ======================================================================
[2026-08-31 10:34:06] Found valid COSMOFEED_TOKEN in environment. Initiating LIVE settlement scrape from Cosmofeed API...
[2026-08-31 10:36:49] Live settlement scrape completed successfully.
[2026-08-31 10:36:49] Running build_data_from_audit.py (SEBI verification & Non-SEBI ledger)...
[2026-08-31 10:36:55] Data building and Non-SEBI ledger upsert finished.
[2026-08-31 10:36:55] Non-SEBI Cumulative Ledger Status:
[2026-08-31 10:36:55]   Total Unique Creators: 438
[2026-08-31 10:36:55]   Cumulative Volume Held: INR 8,127,358.00
[2026-08-31 10:36:55]   Excel Generated: True
[2026-08-31 10:36:55]   Manager PDF Generated: True
[2026-08-31 10:36:55]   Payout PDF Generated: True
[2026-08-31 10:36:55] ======================================================================
[2026-08-31 10:36:55] DAILY AUDIT PIPELINE COMPLETED SUCCESSFULLY BEFORE 10:00 AM!
[2026-08-31 10:36:55] ======================================================================
[2026-09-01 10:08:03] ======================================================================
[2026-09-01 10:08:03] STARTING COSMOFEED DAILY PAYOUT & COMPLIANCE PIPELINE FOR 2026-09-01
[2026-09-01 10:08:03] Target Manager Submission Deadline: 2026-09-05
[2026-09-01 10:08:03] ======================================================================
[2026-09-01 10:08:03] Found valid COSMOFEED_TOKEN in environment. Initiating LIVE settlement scrape from Cosmofeed API...
[2026-09-01 10:11:13] Live settlement scrape completed successfully.
[2026-09-01 10:11:13] Running build_data_from_audit.py (SEBI verification & Non-SEBI ledger)...
[2026-09-01 10:11:29] Data building and Non-SEBI ledger upsert finished.
[2026-09-01 10:11:29] Non-SEBI Cumulative Ledger Status:
[2026-09-01 10:11:29]   Total Unique Creators: 557
[2026-09-01 10:11:29]   Cumulative Volume Held: INR 12,543,460.00
[2026-09-01 10:11:29]   Excel Generated: True
[2026-09-01 10:11:29]   Manager PDF Generated: True
[2026-09-01 10:11:29]   Payout PDF Generated: True
[2026-09-01 10:11:29] ======================================================================
[2026-09-01 10:11:29] DAILY AUDIT PIPELINE COMPLETED SUCCESSFULLY BEFORE 10:00 AM!
[2026-09-01 10:11:29] ======================================================================
[2026-09-01 04:42:10] ======================================================================
[2026-09-01 04:42:10] STARTING COSMOFEED DAILY PAYOUT & COMPLIANCE PIPELINE FOR 2026-09-01
[2026-09-01 04:42:10] Target Manager Submission Deadline: 2026-09-05
[2026-09-01 04:42:10] ======================================================================
[2026-09-01 04:42:10] Found valid COSMOFEED_TOKEN in environment. Initiating LIVE settlement scrape from Cosmofeed API...
[2026-09-01 04:47:10] Live scrape skipped/fallback: Command '['/opt/hostedtoolcache/Python/3.11.16/x64/bin/python', 'payout_audit_agent.py', '--date', '2026-09-01', '--workers', '16']' timed out after 300 seconds
[2026-09-01 04:47:10] Running build_data_from_audit.py (SEBI verification & Non-SEBI ledger)...
[2026-09-01 04:47:50] Data building and Non-SEBI ledger upsert finished.
[2026-09-01 04:47:50] Non-SEBI Cumulative Ledger Status:
[2026-09-01 04:47:50]   Total Unique Creators: 557
[2026-09-01 04:47:50]   Cumulative Volume Held: INR 12,543,460.00
[2026-09-01 04:47:50]   Excel Generated: True
[2026-09-01 04:47:50]   Manager PDF Generated: True
[2026-09-01 04:47:50]   Payout PDF Generated: True
[2026-09-01 04:47:50] ======================================================================
[2026-09-01 04:47:50] DAILY AUDIT PIPELINE COMPLETED SUCCESSFULLY BEFORE 10:00 AM!
[2026-09-01 04:47:50] ======================================================================
[2026-09-01 05:08:54] ======================================================================
[2026-09-01 05:08:54] STARTING COSMOFEED DAILY PAYOUT & COMPLIANCE PIPELINE FOR 2026-09-01
[2026-09-01 05:08:54] Target Manager Submission Deadline: 2026-09-05
[2026-09-01 05:08:54] ======================================================================
[2026-09-01 05:08:54] Found valid COSMOFEED_TOKEN in environment. Initiating LIVE settlement scrape from Cosmofeed API...
[2026-09-01 05:13:54] Live scrape skipped/fallback: Command '['/opt/hostedtoolcache/Python/3.11.16/x64/bin/python', 'payout_audit_agent.py', '--date', '2026-09-01', '--workers', '16']' timed out after 300 seconds
[2026-09-01 05:13:54] Running build_data_from_audit.py (SEBI verification & Non-SEBI ledger)...
[2026-09-01 05:13:57] Data building and Non-SEBI ledger upsert finished.
[2026-09-01 05:13:57] Non-SEBI Cumulative Ledger Status:
[2026-09-01 05:13:57]   Total Unique Creators: 557
[2026-09-01 05:13:57]   Cumulative Volume Held: INR 12,543,460.00
[2026-09-01 05:13:57]   Excel Generated: True
[2026-09-01 05:13:57]   Manager PDF Generated: True
[2026-09-01 05:13:57]   Payout PDF Generated: True
[2026-09-01 05:13:57] ======================================================================
[2026-09-01 05:13:57] DAILY AUDIT PIPELINE COMPLETED SUCCESSFULLY BEFORE 10:00 AM!
[2026-09-01 05:13:57] ======================================================================
[2026-09-01 06:36:52] ======================================================================
[2026-09-01 06:36:52] STARTING COSMOFEED DAILY PAYOUT & COMPLIANCE PIPELINE FOR 2026-09-01
[2026-09-01 06:36:52] Target Manager Submission Deadline: 2026-09-05
[2026-09-01 06:36:52] ======================================================================
[2026-09-01 06:36:52] Found valid COSMOFEED_TOKEN in environment. Initiating LIVE settlement scrape from Cosmofeed API...
[2026-09-01 06:41:52] Live scrape skipped/fallback: Command '['/opt/hostedtoolcache/Python/3.11.16/x64/bin/python', 'payout_audit_agent.py', '--date', '2026-09-01', '--workers', '16']' timed out after 300 seconds
[2026-09-01 06:41:52] Running build_data_from_audit.py (SEBI verification & Non-SEBI ledger)...
[2026-09-01 06:41:55] Data building and Non-SEBI ledger upsert finished.
[2026-09-01 06:41:55] Non-SEBI Cumulative Ledger Status:
[2026-09-01 06:41:55]   Total Unique Creators: 557
[2026-09-01 06:41:55]   Cumulative Volume Held: INR 12,543,460.00
[2026-09-01 06:41:55]   Excel Generated: True
[2026-09-01 06:41:55]   Manager PDF Generated: True
[2026-09-01 06:41:55]   Payout PDF Generated: True
[2026-09-01 06:41:55] ======================================================================
[2026-09-01 06:41:55] DAILY AUDIT PIPELINE COMPLETED SUCCESSFULLY BEFORE 10:00 AM!
[2026-09-01 06:41:55] ======================================================================
[2026-09-02 09:50:55] ======================================================================
[2026-09-02 09:50:55] STARTING COSMOFEED DAILY PAYOUT & COMPLIANCE PIPELINE FOR 2026-09-02
[2026-09-02 09:50:55] Target Manager Submission Deadline: 2026-09-05
[2026-09-02 09:50:55] ======================================================================
[2026-09-02 09:50:55] Found valid COSMOFEED_TOKEN in environment. Initiating LIVE settlement scrape from Cosmofeed API...
[2026-09-02 09:54:16] Live settlement scrape completed successfully.
[2026-09-02 09:54:16] Running build_data_from_audit.py (SEBI verification & Non-SEBI ledger)...
[2026-09-02 09:54:22] Data building and Non-SEBI ledger upsert finished.
[2026-09-02 09:54:22] Non-SEBI Cumulative Ledger Status:
[2026-09-02 09:54:22]   Total Unique Creators: 622
[2026-09-02 09:54:22]   Cumulative Volume Held: INR 16,628,861.00
[2026-09-02 09:54:22]   Excel Generated: True
[2026-09-02 09:54:22]   Manager PDF Generated: True
[2026-09-02 09:54:22]   Payout PDF Generated: True
[2026-09-02 09:54:22] Checking git synchronization...
[2026-09-02 09:54:22] Committed changes: auto: Daily payout audit & Non-SEBI ledger update [2026-09-02]
[2026-09-02 09:54:24] Git push notice: To https://github.com/mohitkr04/cosmofeed_settlement.git
 ! [rejected]        main -> main (non-fast-forward)
error: failed to push some refs to 'https://github.com/mohitkr04/cosmofeed_settlement.git'
[2026-09-02 09:54:24] ======================================================================
[2026-09-02 09:54:24] DAILY AUDIT PIPELINE COMPLETED SUCCESSFULLY BEFORE 10:00 AM!
[2026-09-02 09:54:24] ======================================================================
[2026-09-02 10:04:54] ======================================================================
[2026-09-02 10:04:54] STARTING COSMOFEED DAILY PAYOUT & COMPLIANCE PIPELINE FOR 2026-09-02
[2026-09-02 10:04:54] Target Manager Submission Deadline: 2026-09-05
[2026-09-02 10:04:54] ======================================================================
[2026-09-02 10:04:54] Found valid COSMOFEED_TOKEN in environment. Initiating LIVE settlement scrape from Cosmofeed API...
[2026-09-02 10:08:18] Live settlement scrape completed successfully.
[2026-09-02 10:08:18] Running build_data_from_audit.py (SEBI verification & Non-SEBI ledger)...
[2026-09-02 10:08:23] Data building and Non-SEBI ledger upsert finished.
[2026-09-02 10:08:23] Non-SEBI Cumulative Ledger Status:
[2026-09-02 10:08:23]   Total Unique Creators: 623
[2026-09-02 10:08:23]   Cumulative Volume Held: INR 16,630,508.00
[2026-09-02 10:08:23]   Excel Generated: True
[2026-09-02 10:08:23]   Manager PDF Generated: True
[2026-09-02 10:08:23]   Payout PDF Generated: True
[2026-09-02 10:08:23] ======================================================================
[2026-09-02 10:08:23] DAILY AUDIT PIPELINE COMPLETED SUCCESSFULLY BEFORE 10:00 AM!
[2026-09-02 10:08:23] ======================================================================
[2026-09-03 10:47:27] ======================================================================
[2026-09-03 10:47:27] STARTING COSMOFEED DAILY PAYOUT & COMPLIANCE PIPELINE FOR 2026-09-03
[2026-09-03 10:47:27] Target Manager Submission Deadline: 2026-09-05
[2026-09-03 10:47:27] ======================================================================
[2026-09-03 10:47:27] Found valid COSMOFEED_TOKEN in environment. Initiating LIVE settlement scrape from Cosmofeed API...
[2026-09-03 10:50:59] Live settlement scrape completed successfully.
[2026-09-03 10:50:59] Running build_data_from_audit.py (SEBI verification & Non-SEBI ledger)...
[2026-09-03 10:51:06] Data building and Non-SEBI ledger upsert finished.
[2026-09-03 10:51:06] Non-SEBI Cumulative Ledger Status:
[2026-09-03 10:51:06]   Total Unique Creators: 661
[2026-09-03 10:51:06]   Cumulative Volume Held: INR 20,686,263.00
[2026-09-03 10:51:06]   Excel Generated: True
[2026-09-03 10:51:06]   Manager PDF Generated: True
[2026-09-03 10:51:06]   Payout PDF Generated: True
[2026-09-03 10:51:06] Checking git synchronization...
[2026-09-03 10:51:07] Committed changes: auto: Daily payout audit & Non-SEBI ledger update [2026-09-03]
[2026-09-03 10:51:10] Git push notice: To https://github.com/mohitkr04/cosmofeed_settlement.git
 ! [rejected]        main -> main (non-fast-forward)
error: failed to push some refs to 'https://github.com/mohitkr04/cosmofeed_settlement.git'
[2026-09-03 10:51:10] ======================================================================
[2026-09-03 10:51:10] DAILY AUDIT PIPELINE COMPLETED SUCCESSFULLY BEFORE 10:00 AM!
[2026-09-03 10:51:10] ======================================================================
[2026-09-03 05:24:17] ======================================================================
[2026-09-03 05:24:17] STARTING COSMOFEED DAILY PAYOUT & COMPLIANCE PIPELINE FOR 2026-09-03
[2026-09-03 05:24:17] Target Manager Submission Deadline: 2026-09-05
[2026-09-03 05:24:17] ======================================================================
[2026-09-03 05:24:17] Found valid COSMOFEED_TOKEN in environment. Initiating LIVE settlement scrape from Cosmofeed API...
[2026-09-03 05:29:17] Live scrape skipped/fallback: Command '['/opt/hostedtoolcache/Python/3.11.16/x64/bin/python', 'payout_audit_agent.py', '--date', '2026-09-03', '--workers', '16']' timed out after 300 seconds
[2026-09-03 05:29:17] Running build_data_from_audit.py (SEBI verification & Non-SEBI ledger)...
[2026-09-03 05:29:20] Data building and Non-SEBI ledger upsert finished.
[2026-09-03 05:29:20] Non-SEBI Cumulative Ledger Status:
[2026-09-03 05:29:20]   Total Unique Creators: 661
[2026-09-03 05:29:20]   Cumulative Volume Held: INR 20,686,263.00
[2026-09-03 05:29:20]   Excel Generated: True
[2026-09-03 05:29:20]   Manager PDF Generated: True
[2026-09-03 05:29:20]   Payout PDF Generated: True
[2026-09-03 05:29:20] ======================================================================
[2026-09-03 05:29:20] DAILY AUDIT PIPELINE COMPLETED SUCCESSFULLY BEFORE 10:00 AM!
[2026-09-03 05:29:20] ======================================================================
[2026-09-03 07:50:16] ======================================================================
[2026-09-03 07:50:16] STARTING COSMOFEED DAILY PAYOUT & COMPLIANCE PIPELINE FOR 2026-09-03
[2026-09-03 07:50:16] Target Manager Submission Deadline: 2026-09-05
[2026-09-03 07:50:16] ======================================================================
[2026-09-03 07:50:16] Found valid COSMOFEED_TOKEN in environment. Initiating LIVE settlement scrape from Cosmofeed API...
[2026-09-03 07:55:16] Live scrape skipped/fallback: Command '['/opt/hostedtoolcache/Python/3.11.16/x64/bin/python', 'payout_audit_agent.py', '--date', '2026-09-03', '--workers', '16']' timed out after 300 seconds
[2026-09-03 07:55:16] Running build_data_from_audit.py (SEBI verification & Non-SEBI ledger)...
[2026-09-03 07:55:19] Data building and Non-SEBI ledger upsert finished.
[2026-09-03 07:55:19] Non-SEBI Cumulative Ledger Status:
[2026-09-03 07:55:19]   Total Unique Creators: 661
[2026-09-03 07:55:19]   Cumulative Volume Held: INR 20,686,263.00
[2026-09-03 07:55:19]   Excel Generated: True
[2026-09-03 07:55:19]   Manager PDF Generated: True
[2026-09-03 07:55:19]   Payout PDF Generated: True
[2026-09-03 07:55:19] ======================================================================
[2026-09-03 07:55:19] DAILY AUDIT PIPELINE COMPLETED SUCCESSFULLY BEFORE 10:00 AM!
[2026-09-03 07:55:19] ======================================================================
[2026-09-03 08:14:51] ======================================================================
[2026-09-03 08:14:51] STARTING COSMOFEED DAILY PAYOUT & COMPLIANCE PIPELINE FOR 2026-09-03
[2026-09-03 08:14:51] Target Manager Submission Deadline: 2026-09-05
[2026-09-03 08:14:51] ======================================================================
[2026-09-03 08:14:51] Found valid COSMOFEED_TOKEN in environment. Initiating LIVE settlement scrape from Cosmofeed API...
[2026-09-03 08:19:51] Live scrape skipped/fallback: Command '['/opt/hostedtoolcache/Python/3.11.16/x64/bin/python', 'payout_audit_agent.py', '--date', '2026-09-03', '--workers', '16']' timed out after 300 seconds
[2026-09-03 08:19:51] Running build_data_from_audit.py (SEBI verification & Non-SEBI ledger)...
[2026-09-03 08:19:54] Data building and Non-SEBI ledger upsert finished.
[2026-09-03 08:19:54] Non-SEBI Cumulative Ledger Status:
[2026-09-03 08:19:54]   Total Unique Creators: 661
[2026-09-03 08:19:54]   Cumulative Volume Held: INR 20,686,263.00
[2026-09-03 08:19:54]   Excel Generated: True
[2026-09-03 08:19:54]   Manager PDF Generated: True
[2026-09-03 08:19:54]   Payout PDF Generated: True
[2026-09-03 08:19:54] ======================================================================
[2026-09-03 08:19:54] DAILY AUDIT PIPELINE COMPLETED SUCCESSFULLY BEFORE 10:00 AM!
[2026-09-03 08:19:54] ======================================================================
[2026-09-03 08:40:00] ======================================================================
[2026-09-03 08:40:00] STARTING COSMOFEED DAILY PAYOUT & COMPLIANCE PIPELINE FOR 2026-09-03
[2026-09-03 08:40:00] Target Manager Submission Deadline: 2026-09-05
[2026-09-03 08:40:00] ======================================================================
[2026-09-03 08:40:00] Found valid COSMOFEED_TOKEN in environment. Initiating LIVE settlement scrape from Cosmofeed API...
[2026-09-03 08:45:00] Live scrape skipped/fallback: Command '['/opt/hostedtoolcache/Python/3.11.16/x64/bin/python', 'payout_audit_agent.py', '--date', '2026-09-03', '--workers', '16']' timed out after 300 seconds
[2026-09-03 08:45:00] Running build_data_from_audit.py (SEBI verification & Non-SEBI ledger)...
[2026-09-03 08:45:02] Data building and Non-SEBI ledger upsert finished.
[2026-09-03 08:45:02] Non-SEBI Cumulative Ledger Status:
[2026-09-03 08:45:02]   Total Unique Creators: 661
[2026-09-03 08:45:02]   Cumulative Volume Held: INR 20,686,263.00
[2026-09-03 08:45:02]   Excel Generated: True
[2026-09-03 08:45:02]   Manager PDF Generated: True
[2026-09-03 08:45:02]   Payout PDF Generated: True
[2026-09-03 08:45:02] ======================================================================
[2026-09-03 08:45:02] DAILY AUDIT PIPELINE COMPLETED SUCCESSFULLY BEFORE 10:00 AM!
[2026-09-03 08:45:02] ======================================================================
[2026-09-04 09:57:52] ======================================================================
[2026-09-04 09:57:52] STARTING COSMOFEED DAILY PAYOUT & COMPLIANCE PIPELINE FOR 2026-09-04
[2026-09-04 09:57:52] Target Manager Submission Deadline: 2026-09-05
[2026-09-04 09:57:52] ======================================================================
[2026-09-04 09:57:52] Found valid COSMOFEED_TOKEN in environment. Initiating LIVE settlement scrape from Cosmofeed API...
[2026-09-04 10:01:11] Live settlement scrape completed successfully.
[2026-09-04 10:01:11] Running build_data_from_audit.py (SEBI verification & Non-SEBI ledger)...
[2026-09-04 10:01:18] Data building and Non-SEBI ledger upsert finished.
[2026-09-04 10:01:18] Non-SEBI Cumulative Ledger Status:
[2026-09-04 10:01:18]   Total Unique Creators: 694
[2026-09-04 10:01:18]   Cumulative Volume Held: INR 24,515,530.00
[2026-09-04 10:01:18]   Excel Generated: True
[2026-09-04 10:01:18]   Manager PDF Generated: True
[2026-09-04 10:01:18]   Payout PDF Generated: True
[2026-09-04 10:01:18] Checking git synchronization...
[2026-09-04 10:01:19] Committed changes: auto: Daily payout audit & Non-SEBI ledger update [2026-09-04]
[2026-09-04 10:01:25] Successfully pushed daily updates to GitHub main branch!
[2026-09-04 10:01:25] ======================================================================
[2026-09-04 10:01:25] DAILY AUDIT PIPELINE COMPLETED SUCCESSFULLY BEFORE 10:00 AM!
[2026-09-04 10:01:25] ======================================================================
[2026-09-05 01:43:25] ======================================================================
[2026-09-05 01:43:25] STARTING COSMOFEED DAILY PAYOUT & COMPLIANCE PIPELINE FOR 2026-09-05
[2026-09-05 01:43:25] Target Manager Submission Deadline: 2026-09-05
[2026-09-05 01:43:25] ======================================================================
[2026-09-05 01:43:25] Found valid COSMOFEED_TOKEN in environment. Initiating LIVE settlement scrape from Cosmofeed API...
[2026-09-05 10:47:43] Live scrape skipped/fallback: Command '['C:\\Users\\Mindf\\AppData\\Local\\Python\\pythoncore-3.14-64\\python.exe', 'payout_audit_agent.py', '--date', '2026-09-05', '--workers', '16']' timed out after 300 seconds
[2026-09-05 10:47:43] Running build_data_from_audit.py (SEBI verification & Non-SEBI ledger)...
[2026-09-05 10:47:50] Data building and Non-SEBI ledger upsert finished.
[2026-09-05 10:47:50] Non-SEBI Cumulative Ledger Status:
[2026-09-05 10:47:50]   Total Unique Creators: 694
[2026-09-05 10:47:50]   Cumulative Volume Held: INR 28,344,797.00
[2026-09-05 10:47:50]   Excel Generated: True
[2026-09-05 10:47:50]   Manager PDF Generated: True
[2026-09-05 10:47:50]   Payout PDF Generated: True
[2026-09-05 10:47:50] Checking git synchronization...
[2026-09-05 10:47:50] Committed changes: auto: Daily payout audit & Non-SEBI ledger update [2026-09-05]
[2026-09-05 10:47:58] Successfully pushed daily updates to GitHub main branch!
[2026-09-05 10:47:58] ======================================================================
[2026-09-05 10:47:58] DAILY AUDIT PIPELINE COMPLETED SUCCESSFULLY BEFORE 10:00 AM!
[2026-09-05 10:47:58] ======================================================================
[2026-09-05 10:48:43] ======================================================================
[2026-09-05 10:48:43] STARTING COSMOFEED DAILY PAYOUT & COMPLIANCE PIPELINE FOR 2026-09-05
[2026-09-05 10:48:43] Target Manager Submission Deadline: 2026-09-05
[2026-09-05 10:48:43] ======================================================================
[2026-09-05 10:48:43] Found valid COSMOFEED_TOKEN in environment. Initiating LIVE settlement scrape from Cosmofeed API...
[2026-09-05 10:53:43] Live scrape skipped/fallback: Command '['C:\\Users\\Mindf\\AppData\\Local\\Python\\pythoncore-3.14-64\\python.exe', 'payout_audit_agent.py', '--date', '2026-09-05', '--workers', '16']' timed out after 300 seconds
[2026-09-05 10:53:43] Running build_data_from_audit.py (SEBI verification & Non-SEBI ledger)...
[2026-09-05 10:53:50] Data building and Non-SEBI ledger upsert finished.
[2026-09-05 10:53:50] Non-SEBI Cumulative Ledger Status:
[2026-09-05 10:53:50]   Total Unique Creators: 694
[2026-09-05 10:53:50]   Cumulative Volume Held: INR 28,344,797.00
[2026-09-05 10:53:50]   Excel Generated: True
[2026-09-05 10:53:50]   Manager PDF Generated: True
[2026-09-05 10:53:50]   Payout PDF Generated: True
[2026-09-05 10:53:50] Checking git synchronization...
[2026-09-05 10:53:51] Committed changes: auto: Daily payout audit & Non-SEBI ledger update [2026-09-05]
[2026-09-05 10:53:59] Successfully pushed daily updates to GitHub main branch!
[2026-09-05 10:53:59] ======================================================================
[2026-09-05 10:53:59] DAILY AUDIT PIPELINE COMPLETED SUCCESSFULLY BEFORE 10:00 AM!
[2026-09-05 10:53:59] ======================================================================
[2026-09-05 10:54:43] ======================================================================
[2026-09-05 10:54:43] STARTING COSMOFEED DAILY PAYOUT & COMPLIANCE PIPELINE FOR 2026-09-05
[2026-09-05 10:54:43] Target Manager Submission Deadline: 2026-09-05
[2026-09-05 10:54:43] ======================================================================
[2026-09-05 10:54:43] Found valid COSMOFEED_TOKEN in environment. Initiating LIVE settlement scrape from Cosmofeed API...
[2026-09-05 10:59:43] Live scrape skipped/fallback: Command '['C:\\Users\\Mindf\\AppData\\Local\\Python\\pythoncore-3.14-64\\python.exe', 'payout_audit_agent.py', '--date', '2026-09-05', '--workers', '16']' timed out after 300 seconds
[2026-09-05 10:59:43] Running build_data_from_audit.py (SEBI verification & Non-SEBI ledger)...
[2026-09-05 10:59:48] Data building and Non-SEBI ledger upsert finished.
[2026-09-05 10:59:48] Non-SEBI Cumulative Ledger Status:
[2026-09-05 10:59:48]   Total Unique Creators: 694
[2026-09-05 10:59:48]   Cumulative Volume Held: INR 28,344,797.00
[2026-09-05 10:59:48]   Excel Generated: True
[2026-09-05 10:59:48]   Manager PDF Generated: True
[2026-09-05 10:59:48]   Payout PDF Generated: True
[2026-09-05 10:59:48] Checking git synchronization...
[2026-09-05 10:59:49] Committed changes: auto: Daily payout audit & Non-SEBI ledger update [2026-09-05]
[2026-09-05 10:59:57] Successfully pushed daily updates to GitHub main branch!
[2026-09-05 10:59:57] ======================================================================
[2026-09-05 10:59:57] DAILY AUDIT PIPELINE COMPLETED SUCCESSFULLY BEFORE 10:00 AM!
[2026-09-05 10:59:57] ======================================================================
[2026-09-05 11:00:43] ======================================================================
[2026-09-05 11:00:43] STARTING COSMOFEED DAILY PAYOUT & COMPLIANCE PIPELINE FOR 2026-09-05
[2026-09-05 11:00:43] Target Manager Submission Deadline: 2026-09-05
[2026-09-05 11:00:43] ======================================================================
[2026-09-05 11:00:43] Found valid COSMOFEED_TOKEN in environment. Initiating LIVE settlement scrape from Cosmofeed API...
[2026-09-05 11:08:22] ======================================================================
[2026-09-05 11:08:22] STARTING COSMOFEED DAILY PAYOUT & COMPLIANCE PIPELINE FOR 2026-09-05
[2026-09-05 11:08:22] Target Manager Submission Deadline: 2026-09-05
[2026-09-05 11:08:22] ======================================================================
[2026-09-05 11:08:22] Found valid COSMOFEED_TOKEN in environment. Initiating LIVE settlement scrape from Cosmofeed API...
[2026-09-05 11:15:13] Scrape warning (code 4294967295): 
[2026-09-05 11:15:13] Running build_data_from_audit.py (SEBI verification & Non-SEBI ledger)...
[2026-09-05 11:15:17] Data building and Non-SEBI ledger upsert finished.
[2026-09-05 11:15:17] Non-SEBI Cumulative Ledger Status:
[2026-09-05 11:15:17]   Total Unique Creators: 694
[2026-09-05 11:15:17]   Cumulative Volume Held: INR 28,344,797.00
[2026-09-05 11:15:17]   Excel Generated: True
[2026-09-05 11:15:17]   Manager PDF Generated: True
[2026-09-05 11:15:17]   Payout PDF Generated: True
[2026-09-05 11:15:17] Checking git synchronization...
[2026-09-05 11:15:17] Committed changes: auto: Daily payout audit & Non-SEBI ledger update [2026-09-05]
[2026-09-05 05:47:15] ======================================================================
[2026-09-05 05:47:15] STARTING COSMOFEED DAILY PAYOUT & COMPLIANCE PIPELINE FOR 2026-09-05
[2026-09-05 05:47:15] Target Manager Submission Deadline: 2026-09-05
[2026-09-05 05:47:15] ======================================================================
[2026-09-05 05:47:15] Found valid COSMOFEED_TOKEN in environment. Initiating LIVE settlement scrape from Cosmofeed API...
[2026-09-05 06:02:15] Live scrape timed out after 900s — cleanly terminating scraper process...
[2026-09-05 06:02:15] Finalized checkpoint into /home/runner/work/cosmofeed_settlement/cosmofeed_settlement/reports/audit_2026-09-05.json
[2026-09-05 06:02:15] Running build_data_from_audit.py (SEBI verification & Non-SEBI ledger)...
[2026-09-05 06:02:19] Data building and Non-SEBI ledger upsert finished.
[2026-09-05 06:02:19] Non-SEBI Cumulative Ledger Status:
[2026-09-05 06:02:19]   Total Unique Creators: 694
[2026-09-05 06:02:19]   Cumulative Volume Held: INR 28,479,575.00
[2026-09-05 06:02:19]   Excel Generated: True
[2026-09-05 06:02:19]   Manager PDF Generated: True
[2026-09-05 06:02:19]   Payout PDF Generated: True
[2026-09-05 06:02:19] ======================================================================
[2026-09-05 06:02:19] DAILY AUDIT PIPELINE COMPLETED SUCCESSFULLY BEFORE 08:00 AM!
[2026-09-05 06:02:19] ======================================================================
[2026-09-05 06:10:14] ======================================================================
[2026-09-05 06:10:14] STARTING COSMOFEED DAILY PAYOUT & COMPLIANCE PIPELINE FOR 2026-09-05
[2026-09-05 06:10:14] Target Manager Submission Deadline: 2026-09-05
[2026-09-05 06:10:14] ======================================================================
[2026-09-05 06:10:14] Found valid COSMOFEED_TOKEN in environment. Initiating LIVE settlement scrape from Cosmofeed API...
[2026-09-05 06:21:02] Scrape warning (code 1): Traceback (most recent call last):
  File "/home/runner/work/cosmofeed_settlement/cosmofeed_settlement/payout_audit_agent.py", line 757, in <module>
    main()
  File "/home/runner/work/cosmofeed_settlement/cosmofeed_settlement/payout_audit_agent.py", line 683, in main
    results.append(fut.result(
[2026-09-05 06:21:02] Running build_data_from_audit.py (SEBI verification & Non-SEBI ledger)...
[2026-09-05 06:21:06] Data building and Non-SEBI ledger upsert finished.
[2026-09-05 06:21:06] Non-SEBI Cumulative Ledger Status:
[2026-09-05 06:21:06]   Total Unique Creators: 698
[2026-09-05 06:21:06]   Cumulative Volume Held: INR 28,560,697.00
[2026-09-05 06:21:06]   Excel Generated: True
[2026-09-05 06:21:06]   Manager PDF Generated: True
[2026-09-05 06:21:06]   Payout PDF Generated: True
[2026-09-05 06:21:06] ======================================================================
[2026-09-05 06:21:06] DAILY AUDIT PIPELINE COMPLETED SUCCESSFULLY BEFORE 08:00 AM!
[2026-09-05 06:21:06] ======================================================================
[2026-09-05 06:27:08] ======================================================================
[2026-09-05 06:27:08] STARTING COSMOFEED DAILY PAYOUT & COMPLIANCE PIPELINE FOR 2026-09-05
[2026-09-05 06:27:08] Target Manager Submission Deadline: 2026-09-05
[2026-09-05 06:27:08] ======================================================================
[2026-09-05 06:27:08] Found valid COSMOFEED_TOKEN in environment. Initiating LIVE settlement scrape from Cosmofeed API...
[2026-09-05 06:27:39] Live settlement scrape completed successfully.
[2026-09-05 06:27:39] Running build_data_from_audit.py (SEBI verification & Non-SEBI ledger)...
[2026-09-05 06:27:45] Data building and Non-SEBI ledger upsert finished.
[2026-09-05 06:27:45] Non-SEBI Cumulative Ledger Status:
[2026-09-05 06:27:45]   Total Unique Creators: 704
[2026-09-05 06:27:45]   Cumulative Volume Held: INR 29,090,443.00
[2026-09-05 06:27:45]   Excel Generated: True
[2026-09-05 06:27:45]   Manager PDF Generated: True
[2026-09-05 06:27:45]   Payout PDF Generated: True
[2026-09-05 06:27:45] ======================================================================
[2026-09-05 06:27:45] DAILY AUDIT PIPELINE COMPLETED SUCCESSFULLY BEFORE 08:00 AM!
[2026-09-05 06:27:45] ======================================================================
[2026-09-05 14:21:04 IST] ======================================================================
[2026-09-05 14:21:04 IST] STARTING COSMOFEED DAILY PAYOUT & COMPLIANCE PIPELINE FOR 2026-09-05
[2026-09-05 14:21:04 IST] Execution Mode: 100% Cloud Autonomous (India Standard Time)
[2026-09-05 14:21:04 IST] ======================================================================
[2026-09-05 14:21:04 IST] Found valid COSMOFEED_TOKEN in environment. Initiating LIVE settlement scrape from Cosmofeed API...
[2026-09-05 14:21:33 IST] Live settlement scrape completed successfully.
[2026-09-05 14:21:33 IST] Running build_data_from_audit.py (SEBI verification & Non-SEBI ledger)...
[2026-09-05 14:21:35 IST] Data building and Non-SEBI ledger upsert finished.
[2026-09-05 14:21:35 IST] Non-SEBI Cumulative Ledger Status:
[2026-09-05 14:21:35 IST]   Total Unique Creators: 704
[2026-09-05 14:21:35 IST]   Cumulative Volume Held: INR 29,090,443.00
[2026-09-05 14:21:35 IST]   Excel Generated: True
[2026-09-05 14:21:35 IST]   Manager PDF Generated: True
[2026-09-05 14:21:35 IST]   Payout PDF Generated: True
[2026-09-05 14:21:35 IST] ======================================================================
[2026-09-05 14:21:35 IST] DAILY AUDIT PIPELINE COMPLETED SUCCESSFULLY BEFORE 08:00 AM!
[2026-09-05 14:21:35 IST] ======================================================================
[2026-09-05 15:37:15 IST] ======================================================================
[2026-09-05 15:37:15 IST] STARTING COSMOFEED DAILY PAYOUT & COMPLIANCE PIPELINE FOR 2026-09-05
[2026-09-05 15:37:15 IST] Execution Mode: 100% Cloud Autonomous (India Standard Time)
[2026-09-05 15:37:15 IST] ======================================================================
[2026-09-05 15:37:15 IST] Found valid COSMOFEED_TOKEN in environment. Initiating LIVE settlement scrape from Cosmofeed API...
[2026-09-05 15:37:42 IST] Live settlement scrape completed successfully.
[2026-09-05 15:37:42 IST] Running build_data_from_audit.py (SEBI verification & Non-SEBI ledger)...
[2026-09-05 15:37:44 IST] Data building and Non-SEBI ledger upsert finished.
[2026-09-05 15:37:44 IST] Non-SEBI Cumulative Ledger Status:
[2026-09-05 15:37:44 IST]   Total Unique Creators: 704
[2026-09-05 15:37:44 IST]   Cumulative Volume Held: INR 29,090,443.00
[2026-09-05 15:37:44 IST]   Excel Generated: True
[2026-09-05 15:37:44 IST]   Manager PDF Generated: True
[2026-09-05 15:37:44 IST]   Payout PDF Generated: True
[2026-09-05 15:37:44 IST] ======================================================================
[2026-09-05 15:37:44 IST] DAILY AUDIT PIPELINE COMPLETED SUCCESSFULLY BEFORE 08:00 AM!
[2026-09-05 15:37:44 IST] ======================================================================
[2026-09-05 15:54:06 IST] ======================================================================
[2026-09-05 15:54:06 IST] STARTING COSMOFEED DAILY PAYOUT & COMPLIANCE PIPELINE FOR 2026-09-05
[2026-09-05 15:54:06 IST] Execution Mode: 100% Cloud Autonomous (India Standard Time)
[2026-09-05 15:54:06 IST] ======================================================================
[2026-09-05 15:54:06 IST] Found valid COSMOFEED_TOKEN in environment. Initiating LIVE settlement scrape from Cosmofeed API...
[2026-09-05 15:54:33 IST] Live settlement scrape completed successfully.
[2026-09-05 15:54:33 IST] Running build_data_from_audit.py (SEBI verification & Non-SEBI ledger)...
[2026-09-05 15:54:36 IST] Data building and Non-SEBI ledger upsert finished.
[2026-09-05 15:54:36 IST] Non-SEBI Cumulative Ledger Status:
[2026-09-05 15:54:36 IST]   Total Unique Creators: 704
[2026-09-05 15:54:36 IST]   Cumulative Volume Held: INR 29,090,443.00
[2026-09-05 15:54:36 IST]   Excel Generated: True
[2026-09-05 15:54:36 IST]   Manager PDF Generated: True
[2026-09-05 15:54:36 IST]   Payout PDF Generated: True
[2026-09-05 15:54:36 IST] ======================================================================
[2026-09-05 15:54:36 IST] DAILY AUDIT PIPELINE COMPLETED SUCCESSFULLY BEFORE 08:00 AM!
[2026-09-05 15:54:36 IST] ======================================================================
[2026-09-05 16:05:31 IST] ======================================================================
[2026-09-05 16:05:31 IST] STARTING COSMOFEED DAILY PAYOUT & COMPLIANCE PIPELINE FOR 2026-09-05
[2026-09-05 16:05:31 IST] Execution Mode: 100% Cloud Autonomous (India Standard Time)
[2026-09-05 16:05:31 IST] ======================================================================
[2026-09-05 16:05:31 IST] Found valid COSMOFEED_TOKEN in environment. Initiating LIVE settlement scrape from Cosmofeed API...
[2026-09-05 16:06:00 IST] Live settlement scrape completed successfully.
[2026-09-05 16:06:00 IST] Running build_data_from_audit.py (SEBI verification & Non-SEBI ledger)...
[2026-09-05 16:06:03 IST] Data building and Non-SEBI ledger upsert finished.
[2026-09-05 16:06:03 IST] Non-SEBI Cumulative Ledger Status:
[2026-09-05 16:06:03 IST]   Total Unique Creators: 704
[2026-09-05 16:06:03 IST]   Cumulative Volume Held: INR 29,090,443.00
[2026-09-05 16:06:03 IST]   Excel Generated: True
[2026-09-05 16:06:03 IST]   Manager PDF Generated: True
[2026-09-05 16:06:03 IST]   Payout PDF Generated: True
[2026-09-05 16:06:03 IST] ======================================================================
[2026-09-05 16:06:03 IST] DAILY AUDIT PIPELINE COMPLETED SUCCESSFULLY BEFORE 08:00 AM!
[2026-09-05 16:06:03 IST] ======================================================================
[2026-09-05 16:33:29 IST] ======================================================================
[2026-09-05 16:33:29 IST] STARTING COSMOFEED DAILY PAYOUT & COMPLIANCE PIPELINE FOR 2026-09-05
[2026-09-05 16:33:29 IST] Execution Mode: 100% Cloud Autonomous (India Standard Time)
[2026-09-05 16:33:29 IST] ======================================================================
[2026-09-05 16:33:29 IST] Found valid COSMOFEED_TOKEN in environment. Initiating LIVE settlement scrape from Cosmofeed API...
[2026-09-05 16:33:57 IST] Live settlement scrape completed successfully.
[2026-09-05 16:33:57 IST] Running build_data_from_audit.py (SEBI verification & Non-SEBI ledger)...
[2026-09-05 16:33:59 IST] Data building and Non-SEBI ledger upsert finished.
[2026-09-05 16:33:59 IST] Non-SEBI Cumulative Ledger Status:
[2026-09-05 16:33:59 IST]   Total Unique Creators: 704
[2026-09-05 16:33:59 IST]   Cumulative Volume Held: INR 29,090,443.00
[2026-09-05 16:33:59 IST]   Excel Generated: True
[2026-09-05 16:33:59 IST]   Manager PDF Generated: True
[2026-09-05 16:33:59 IST]   Payout PDF Generated: True
[2026-09-05 16:33:59 IST] ======================================================================
[2026-09-05 16:33:59 IST] DAILY AUDIT PIPELINE COMPLETED SUCCESSFULLY BEFORE 08:00 AM!
[2026-09-05 16:33:59 IST] ======================================================================
[2026-09-05 18:48:38 IST] ======================================================================
[2026-09-05 18:48:38 IST] STARTING COSMOFEED DAILY PAYOUT & COMPLIANCE PIPELINE FOR 2026-09-05
[2026-09-05 18:48:38 IST] Execution Mode: 100% Cloud Autonomous (India Standard Time)
[2026-09-05 18:48:38 IST] ======================================================================
[2026-09-05 18:48:38 IST] Found valid COSMOFEED_TOKEN in environment. Initiating LIVE settlement scrape from Cosmofeed API...
[2026-09-05 18:48:53 IST] Live settlement scrape completed successfully.
[2026-09-05 18:48:53 IST] Running build_data_from_audit.py (SEBI verification & Non-SEBI ledger)...
[2026-09-05 18:48:55 IST] Data building and Non-SEBI ledger upsert finished.
[2026-09-05 18:48:55 IST] Non-SEBI Cumulative Ledger Status:
[2026-09-05 18:48:55 IST]   Total Unique Creators: 704
[2026-09-05 18:48:55 IST]   Cumulative Volume Held: INR 29,090,443.00
[2026-09-05 18:48:55 IST]   Excel Generated: True
[2026-09-05 18:48:55 IST]   Manager PDF Generated: True
[2026-09-05 18:48:55 IST]   Payout PDF Generated: True
[2026-09-05 18:48:55 IST] ======================================================================
[2026-09-05 18:48:55 IST] DAILY AUDIT PIPELINE COMPLETED SUCCESSFULLY BEFORE 08:00 AM!
[2026-09-05 18:48:55 IST] ======================================================================
[2026-09-05 20:01:37 IST] ======================================================================
[2026-09-05 20:01:37 IST] STARTING COSMOFEED DAILY PAYOUT & COMPLIANCE PIPELINE FOR 2026-09-05
[2026-09-05 20:01:37 IST] Execution Mode: 100% Cloud Autonomous (India Standard Time)
[2026-09-05 20:01:37 IST] ======================================================================
[2026-09-05 20:01:37 IST] Found valid COSMOFEED_TOKEN in environment. Initiating LIVE settlement scrape from Cosmofeed API...
[2026-09-05 20:01:42 IST] Live settlement scrape completed successfully.
[2026-09-05 20:01:42 IST] Running build_data_from_audit.py (SEBI verification & Non-SEBI ledger)...
[2026-09-05 20:01:45 IST] Data building and Non-SEBI ledger upsert finished.
[2026-09-05 20:01:45 IST] Non-SEBI Cumulative Ledger Status:
[2026-09-05 20:01:45 IST]   Total Unique Creators: 704
[2026-09-05 20:01:45 IST]   Cumulative Volume Held: INR 29,090,443.00
[2026-09-05 20:01:45 IST]   Excel Generated: True
[2026-09-05 20:01:45 IST]   Manager PDF Generated: True
[2026-09-05 20:01:45 IST]   Payout PDF Generated: True
[2026-09-05 20:01:45 IST] ======================================================================
[2026-09-05 20:01:45 IST] DAILY AUDIT PIPELINE COMPLETED SUCCESSFULLY BEFORE 08:00 AM!
[2026-09-05 20:01:45 IST] ======================================================================
[2026-09-05 22:11:58 IST] ======================================================================
[2026-09-05 22:11:58 IST] STARTING COSMOFEED DAILY PAYOUT & COMPLIANCE PIPELINE FOR 2026-09-05
[2026-09-05 22:11:58 IST] Execution Mode: 100% Cloud Autonomous (India Standard Time)
[2026-09-05 22:11:58 IST] ======================================================================
[2026-09-05 22:11:58 IST] Found valid COSMOFEED_TOKEN in environment. Initiating LIVE settlement scrape from Cosmofeed API...
[2026-09-05 22:12:00 IST] Live settlement scrape completed successfully.
[2026-09-05 22:12:00 IST] Running build_data_from_audit.py (SEBI verification & Non-SEBI ledger)...
[2026-09-05 22:12:02 IST] Data building and Non-SEBI ledger upsert finished.
[2026-09-05 22:12:02 IST] Non-SEBI Cumulative Ledger Status:
[2026-09-05 22:12:02 IST]   Total Unique Creators: 704
[2026-09-05 22:12:02 IST]   Cumulative Volume Held: INR 29,090,443.00
[2026-09-05 22:12:02 IST]   Excel Generated: True
[2026-09-05 22:12:02 IST]   Manager PDF Generated: True
[2026-09-05 22:12:02 IST]   Payout PDF Generated: True
[2026-09-05 22:12:02 IST] ======================================================================
[2026-09-05 22:12:02 IST] DAILY AUDIT PIPELINE COMPLETED SUCCESSFULLY BEFORE 08:00 AM!
[2026-09-05 22:12:02 IST] ======================================================================
[2026-09-05 23:14:47 IST] ======================================================================
[2026-09-05 23:14:47 IST] STARTING COSMOFEED DAILY PAYOUT & COMPLIANCE PIPELINE FOR 2026-09-05
[2026-09-05 23:14:47 IST] Execution Mode: 100% Cloud Autonomous (India Standard Time)
[2026-09-05 23:14:47 IST] ======================================================================
[2026-09-05 23:14:47 IST] Found valid COSMOFEED_TOKEN in environment. Initiating LIVE settlement scrape from Cosmofeed API...
[2026-09-05 23:14:49 IST] Live settlement scrape completed successfully.
[2026-09-05 23:14:49 IST] Running build_data_from_audit.py (SEBI verification & Non-SEBI ledger)...
[2026-09-05 23:14:52 IST] Data building and Non-SEBI ledger upsert finished.
[2026-09-05 23:14:52 IST] Non-SEBI Cumulative Ledger Status:
[2026-09-05 23:14:52 IST]   Total Unique Creators: 704
[2026-09-05 23:14:52 IST]   Cumulative Volume Held: INR 29,090,443.00
[2026-09-05 23:14:52 IST]   Excel Generated: True
[2026-09-05 23:14:52 IST]   Manager PDF Generated: True
[2026-09-05 23:14:52 IST]   Payout PDF Generated: True
[2026-09-05 23:14:52 IST] ======================================================================
[2026-09-05 23:14:52 IST] DAILY AUDIT PIPELINE COMPLETED SUCCESSFULLY BEFORE 08:00 AM!
[2026-09-05 23:14:52 IST] ======================================================================
[2026-09-06 07:41:02 IST] ======================================================================
[2026-09-06 07:41:02 IST] STARTING COSMOFEED DAILY PAYOUT & COMPLIANCE PIPELINE FOR 2026-09-06
[2026-09-06 07:41:02 IST] Execution Mode: 100% Cloud Autonomous (India Standard Time)
[2026-09-06 07:41:02 IST] ======================================================================
[2026-09-06 07:41:02 IST] Found valid COSMOFEED_TOKEN in environment. Initiating LIVE settlement scrape from Cosmofeed API...
[2026-09-06 07:52:27 IST] Live settlement scrape completed successfully.
[2026-09-06 07:52:27 IST] Running build_data_from_audit.py (SEBI verification & Non-SEBI ledger)...
[2026-09-06 07:52:33 IST] Data building and Non-SEBI ledger upsert finished.
[2026-09-06 07:52:33 IST] Non-SEBI Cumulative Ledger Status:
[2026-09-06 07:52:33 IST]   Total Unique Creators: 719
[2026-09-06 07:52:33 IST]   Cumulative Volume Held: INR 31,446,165.00
[2026-09-06 07:52:33 IST]   Excel Generated: True
[2026-09-06 07:52:33 IST]   Manager PDF Generated: True
[2026-09-06 07:52:33 IST]   Payout PDF Generated: True
[2026-09-06 07:52:33 IST] ======================================================================
[2026-09-06 07:52:33 IST] DAILY AUDIT PIPELINE COMPLETED SUCCESSFULLY BEFORE 08:00 AM!
[2026-09-06 07:52:33 IST] ======================================================================
[2026-09-06 11:02:35 IST] ======================================================================
[2026-09-06 11:02:35 IST] STARTING COSMOFEED DAILY PAYOUT & COMPLIANCE PIPELINE FOR 2026-09-06
[2026-09-06 11:02:35 IST] Execution Mode: 100% Cloud Autonomous (India Standard Time)
[2026-09-06 11:02:35 IST] ======================================================================
[2026-09-06 11:02:35 IST] Found valid COSMOFEED_TOKEN in environment. Initiating LIVE settlement scrape from Cosmofeed API...
[2026-09-06 11:03:06 IST] Live settlement scrape completed successfully.
[2026-09-06 11:03:06 IST] Running build_data_from_audit.py (SEBI verification & Non-SEBI ledger)...
[2026-09-06 11:03:08 IST] Data building and Non-SEBI ledger upsert finished.
[2026-09-06 11:03:08 IST] Non-SEBI Cumulative Ledger Status:
[2026-09-06 11:03:08 IST]   Total Unique Creators: 719
[2026-09-06 11:03:08 IST]   Cumulative Volume Held: INR 31,446,165.00
[2026-09-06 11:03:08 IST]   Excel Generated: True
[2026-09-06 11:03:08 IST]   Manager PDF Generated: True
[2026-09-06 11:03:08 IST]   Payout PDF Generated: True
[2026-09-06 11:03:08 IST] ======================================================================
[2026-09-06 11:03:08 IST] DAILY AUDIT PIPELINE COMPLETED SUCCESSFULLY BEFORE 08:00 AM!
[2026-09-06 11:03:08 IST] ======================================================================
[2026-09-06 11:56:35 IST] ======================================================================
[2026-09-06 11:56:35 IST] STARTING COSMOFEED DAILY PAYOUT & COMPLIANCE PIPELINE FOR 2026-09-06
[2026-09-06 11:56:35 IST] Execution Mode: 100% Cloud Autonomous (India Standard Time)
[2026-09-06 11:56:35 IST] ======================================================================
[2026-09-06 11:56:35 IST] Found valid COSMOFEED_TOKEN in environment. Initiating LIVE settlement scrape from Cosmofeed API...
[2026-09-06 11:57:02 IST] Live settlement scrape completed successfully.
[2026-09-06 11:57:02 IST] Running build_data_from_audit.py (SEBI verification & Non-SEBI ledger)...
[2026-09-06 11:57:05 IST] Data building and Non-SEBI ledger upsert finished.
[2026-09-06 11:57:05 IST] Non-SEBI Cumulative Ledger Status:
[2026-09-06 11:57:05 IST]   Total Unique Creators: 719
[2026-09-06 11:57:05 IST]   Cumulative Volume Held: INR 31,446,165.00
[2026-09-06 11:57:05 IST]   Excel Generated: True
[2026-09-06 11:57:05 IST]   Manager PDF Generated: True
[2026-09-06 11:57:05 IST]   Payout PDF Generated: True
[2026-09-06 11:57:05 IST] ======================================================================
[2026-09-06 11:57:05 IST] DAILY AUDIT PIPELINE COMPLETED SUCCESSFULLY BEFORE 08:00 AM!
[2026-09-06 11:57:05 IST] ======================================================================
[2026-09-06 12:24:07 IST] ======================================================================
[2026-09-06 12:24:07 IST] STARTING COSMOFEED DAILY PAYOUT & COMPLIANCE PIPELINE FOR 2026-09-06
[2026-09-06 12:24:07 IST] Execution Mode: 100% Cloud Autonomous (India Standard Time)
[2026-09-06 12:24:07 IST] ======================================================================
[2026-09-06 12:24:07 IST] Found valid COSMOFEED_TOKEN in environment. Initiating LIVE settlement scrape from Cosmofeed API...
[2026-09-06 12:24:35 IST] Live settlement scrape completed successfully.
[2026-09-06 12:24:35 IST] Running build_data_from_audit.py (SEBI verification & Non-SEBI ledger)...
[2026-09-06 12:24:38 IST] Data building and Non-SEBI ledger upsert finished.
[2026-09-06 12:24:38 IST] Non-SEBI Cumulative Ledger Status:
[2026-09-06 12:24:38 IST]   Total Unique Creators: 719
[2026-09-06 12:24:38 IST]   Cumulative Volume Held: INR 31,446,165.00
[2026-09-06 12:24:38 IST]   Excel Generated: True
[2026-09-06 12:24:38 IST]   Manager PDF Generated: True
[2026-09-06 12:24:38 IST]   Payout PDF Generated: True
[2026-09-06 12:24:38 IST] ======================================================================
[2026-09-06 12:24:38 IST] DAILY AUDIT PIPELINE COMPLETED SUCCESSFULLY BEFORE 08:00 AM!
[2026-09-06 12:24:38 IST] ======================================================================
[2026-09-06 13:47:48 IST] ======================================================================
[2026-09-06 13:47:48 IST] STARTING COSMOFEED DAILY PAYOUT & COMPLIANCE PIPELINE FOR 2026-09-06
[2026-09-06 13:47:48 IST] Execution Mode: 100% Cloud Autonomous (India Standard Time)
[2026-09-06 13:47:48 IST] ======================================================================
[2026-09-06 13:47:48 IST] Found valid COSMOFEED_TOKEN in environment. Initiating LIVE settlement scrape from Cosmofeed API...
[2026-09-06 13:48:14 IST] Live settlement scrape completed successfully.
[2026-09-06 13:48:14 IST] Running build_data_from_audit.py (SEBI verification & Non-SEBI ledger)...
[2026-09-06 13:48:17 IST] Data building and Non-SEBI ledger upsert finished.
[2026-09-06 13:48:17 IST] Non-SEBI Cumulative Ledger Status:
[2026-09-06 13:48:17 IST]   Total Unique Creators: 719
[2026-09-06 13:48:17 IST]   Cumulative Volume Held: INR 31,446,165.00
[2026-09-06 13:48:17 IST]   Excel Generated: True
[2026-09-06 13:48:17 IST]   Manager PDF Generated: True
[2026-09-06 13:48:17 IST]   Payout PDF Generated: True
[2026-09-06 13:48:17 IST] ======================================================================
[2026-09-06 13:48:17 IST] DAILY AUDIT PIPELINE COMPLETED SUCCESSFULLY BEFORE 08:00 AM!
[2026-09-06 13:48:17 IST] ======================================================================
[2026-09-06 15:48:48 IST] ======================================================================
[2026-09-06 15:48:48 IST] STARTING COSMOFEED DAILY PAYOUT & COMPLIANCE PIPELINE FOR 2026-09-06
[2026-09-06 15:48:48 IST] Execution Mode: 100% Cloud Autonomous (India Standard Time)
[2026-09-06 15:48:48 IST] ======================================================================
[2026-09-06 15:48:48 IST] Found valid COSMOFEED_TOKEN in environment. Initiating LIVE settlement scrape from Cosmofeed API...
[2026-09-06 15:49:16 IST] Live settlement scrape completed successfully.
[2026-09-06 15:49:16 IST] Running build_data_from_audit.py (SEBI verification & Non-SEBI ledger)...
[2026-09-06 15:49:19 IST] Data building and Non-SEBI ledger upsert finished.
[2026-09-06 15:49:19 IST] Non-SEBI Cumulative Ledger Status:
[2026-09-06 15:49:19 IST]   Total Unique Creators: 719
[2026-09-06 15:49:19 IST]   Cumulative Volume Held: INR 31,446,165.00
[2026-09-06 15:49:19 IST]   Excel Generated: True
[2026-09-06 15:49:19 IST]   Manager PDF Generated: True
[2026-09-06 15:49:19 IST]   Payout PDF Generated: True
[2026-09-06 15:49:19 IST] ======================================================================
[2026-09-06 15:49:19 IST] DAILY AUDIT PIPELINE COMPLETED SUCCESSFULLY BEFORE 08:00 AM!
[2026-09-06 15:49:19 IST] ======================================================================
[2026-09-06 17:28:42 IST] ======================================================================
[2026-09-06 17:28:42 IST] STARTING COSMOFEED DAILY PAYOUT & COMPLIANCE PIPELINE FOR 2026-09-06
[2026-09-06 17:28:42 IST] Execution Mode: 100% Cloud Autonomous (India Standard Time)
[2026-09-06 17:28:42 IST] ======================================================================
[2026-09-06 17:28:42 IST] Found valid COSMOFEED_TOKEN in environment. Initiating LIVE settlement scrape from Cosmofeed API...
[2026-09-06 17:29:10 IST] Live settlement scrape completed successfully.
[2026-09-06 17:29:10 IST] Running build_data_from_audit.py (SEBI verification & Non-SEBI ledger)...
[2026-09-06 17:29:13 IST] Data building and Non-SEBI ledger upsert finished.
[2026-09-06 17:29:13 IST] Non-SEBI Cumulative Ledger Status:
[2026-09-06 17:29:13 IST]   Total Unique Creators: 719
[2026-09-06 17:29:13 IST]   Cumulative Volume Held: INR 31,446,165.00
[2026-09-06 17:29:13 IST]   Excel Generated: True
[2026-09-06 17:29:13 IST]   Manager PDF Generated: True
[2026-09-06 17:29:13 IST]   Payout PDF Generated: True
[2026-09-06 17:29:13 IST] ======================================================================
[2026-09-06 17:29:13 IST] DAILY AUDIT PIPELINE COMPLETED SUCCESSFULLY BEFORE 08:00 AM!
[2026-09-06 17:29:13 IST] ======================================================================
[2026-09-06 18:58:06 IST] ======================================================================
[2026-09-06 18:58:06 IST] STARTING COSMOFEED DAILY PAYOUT & COMPLIANCE PIPELINE FOR 2026-09-06
[2026-09-06 18:58:06 IST] Execution Mode: 100% Cloud Autonomous (India Standard Time)
[2026-09-06 18:58:06 IST] ======================================================================
[2026-09-06 18:58:06 IST] Found valid COSMOFEED_TOKEN in environment. Initiating LIVE settlement scrape from Cosmofeed API...
[2026-09-06 18:58:07 IST] Live settlement scrape completed successfully.
[2026-09-06 18:58:07 IST] Running build_data_from_audit.py (SEBI verification & Non-SEBI ledger)...
[2026-09-06 18:58:11 IST] Data building and Non-SEBI ledger upsert finished.
[2026-09-06 18:58:11 IST] Non-SEBI Cumulative Ledger Status:
[2026-09-06 18:58:11 IST]   Total Unique Creators: 719
[2026-09-06 18:58:11 IST]   Cumulative Volume Held: INR 31,446,165.00
[2026-09-06 18:58:11 IST]   Excel Generated: True
[2026-09-06 18:58:11 IST]   Manager PDF Generated: True
[2026-09-06 18:58:11 IST]   Payout PDF Generated: True
[2026-09-06 18:58:11 IST] ======================================================================
[2026-09-06 18:58:11 IST] DAILY AUDIT PIPELINE COMPLETED SUCCESSFULLY BEFORE 08:00 AM!
[2026-09-06 18:58:11 IST] ======================================================================
[2026-09-06 19:33:09 IST] ======================================================================
[2026-09-06 19:33:09 IST] STARTING COSMOFEED DAILY PAYOUT & COMPLIANCE PIPELINE FOR 2026-09-06
[2026-09-06 19:33:09 IST] Execution Mode: 100% Cloud Autonomous (India Standard Time)
[2026-09-06 19:33:09 IST] ======================================================================
[2026-09-06 19:33:09 IST] Found valid COSMOFEED_TOKEN in environment. Initiating LIVE settlement scrape from Cosmofeed API...
[2026-09-06 19:33:10 IST] Live settlement scrape completed successfully.
[2026-09-06 19:33:10 IST] Running build_data_from_audit.py (SEBI verification & Non-SEBI ledger)...
[2026-09-06 19:33:13 IST] Data building and Non-SEBI ledger upsert finished.
[2026-09-06 19:33:13 IST] Non-SEBI Cumulative Ledger Status:
[2026-09-06 19:33:13 IST]   Total Unique Creators: 719
[2026-09-06 19:33:13 IST]   Cumulative Volume Held: INR 31,446,165.00
[2026-09-06 19:33:13 IST]   Excel Generated: True
[2026-09-06 19:33:13 IST]   Manager PDF Generated: True
[2026-09-06 19:33:13 IST]   Payout PDF Generated: True
[2026-09-06 19:33:13 IST] ======================================================================
[2026-09-06 19:33:13 IST] DAILY AUDIT PIPELINE COMPLETED SUCCESSFULLY BEFORE 08:00 AM!
[2026-09-06 19:33:13 IST] ======================================================================
[2026-09-06 19:44:01 IST] ======================================================================
[2026-09-06 19:44:01 IST] STARTING COSMOFEED DAILY PAYOUT & COMPLIANCE PIPELINE FOR 2026-09-06
[2026-09-06 19:44:01 IST] Execution Mode: 100% Cloud Autonomous (India Standard Time)
[2026-09-06 19:44:01 IST] ======================================================================
[2026-09-06 19:44:01 IST] Found valid COSMOFEED_TOKEN in environment. Initiating LIVE settlement scrape from Cosmofeed API...
[2026-09-06 19:44:03 IST] Live settlement scrape completed successfully.
[2026-09-06 19:44:03 IST] Running build_data_from_audit.py (SEBI verification & Non-SEBI ledger)...
[2026-09-06 19:44:06 IST] Data building and Non-SEBI ledger upsert finished.
[2026-09-06 19:44:06 IST] Non-SEBI Cumulative Ledger Status:
[2026-09-06 19:44:06 IST]   Total Unique Creators: 719
[2026-09-06 19:44:06 IST]   Cumulative Volume Held: INR 31,446,165.00
[2026-09-06 19:44:06 IST]   Excel Generated: True
[2026-09-06 19:44:06 IST]   Manager PDF Generated: True
[2026-09-06 19:44:06 IST]   Payout PDF Generated: True
[2026-09-06 19:44:06 IST] ======================================================================
[2026-09-06 19:44:06 IST] DAILY AUDIT PIPELINE COMPLETED SUCCESSFULLY BEFORE 08:00 AM!
[2026-09-06 19:44:06 IST] ======================================================================
[2026-09-06 20:23:13 IST] ======================================================================
[2026-09-06 20:23:13 IST] STARTING COSMOFEED DAILY PAYOUT & COMPLIANCE PIPELINE FOR 2026-09-06
[2026-09-06 20:23:13 IST] Execution Mode: 100% Cloud Autonomous (India Standard Time)
[2026-09-06 20:23:13 IST] ======================================================================
[2026-09-06 20:23:13 IST] Found valid COSMOFEED_TOKEN in environment. Initiating LIVE settlement scrape from Cosmofeed API...
[2026-09-06 20:23:16 IST] Live settlement scrape completed successfully.
[2026-09-06 20:23:16 IST] Running build_data_from_audit.py (SEBI verification & Non-SEBI ledger)...
[2026-09-06 20:23:19 IST] Data building and Non-SEBI ledger upsert finished.
[2026-09-06 20:23:19 IST] Non-SEBI Cumulative Ledger Status:
[2026-09-06 20:23:19 IST]   Total Unique Creators: 719
[2026-09-06 20:23:19 IST]   Cumulative Volume Held: INR 31,446,165.00
[2026-09-06 20:23:19 IST]   Excel Generated: True
[2026-09-06 20:23:19 IST]   Manager PDF Generated: True
[2026-09-06 20:23:19 IST]   Payout PDF Generated: True
[2026-09-06 20:23:19 IST] ======================================================================
[2026-09-06 20:23:19 IST] DAILY AUDIT PIPELINE COMPLETED SUCCESSFULLY BEFORE 08:00 AM!
[2026-09-06 20:23:19 IST] ======================================================================
[2026-09-06 22:18:38 IST] ======================================================================
[2026-09-06 22:18:38 IST] STARTING COSMOFEED DAILY PAYOUT & COMPLIANCE PIPELINE FOR 2026-09-06
[2026-09-06 22:18:38 IST] Execution Mode: 100% Cloud Autonomous (India Standard Time)
[2026-09-06 22:18:38 IST] ======================================================================
[2026-09-06 22:18:38 IST] Found valid COSMOFEED_TOKEN in environment. Initiating LIVE settlement scrape from Cosmofeed API...
[2026-09-06 22:18:39 IST] Live settlement scrape completed successfully.
[2026-09-06 22:18:39 IST] Running build_data_from_audit.py (SEBI verification & Non-SEBI ledger)...
[2026-09-06 22:18:41 IST] Data building and Non-SEBI ledger upsert finished.
[2026-09-06 22:18:41 IST] Non-SEBI Cumulative Ledger Status:
[2026-09-06 22:18:41 IST]   Total Unique Creators: 719
[2026-09-06 22:18:41 IST]   Cumulative Volume Held: INR 31,446,165.00
[2026-09-06 22:18:41 IST]   Excel Generated: True
[2026-09-06 22:18:41 IST]   Manager PDF Generated: True
[2026-09-06 22:18:41 IST]   Payout PDF Generated: True
[2026-09-06 22:18:41 IST] ======================================================================
[2026-09-06 22:18:41 IST] DAILY AUDIT PIPELINE COMPLETED SUCCESSFULLY BEFORE 08:00 AM!
[2026-09-06 22:18:41 IST] ======================================================================
[2026-09-06 23:18:17 IST] ======================================================================
[2026-09-06 23:18:17 IST] STARTING COSMOFEED DAILY PAYOUT & COMPLIANCE PIPELINE FOR 2026-09-06
[2026-09-06 23:18:17 IST] Execution Mode: 100% Cloud Autonomous (India Standard Time)
[2026-09-06 23:18:17 IST] ======================================================================
[2026-09-06 23:18:17 IST] Found valid COSMOFEED_TOKEN in environment. Initiating LIVE settlement scrape from Cosmofeed API...
[2026-09-06 23:18:18 IST] Live settlement scrape completed successfully.
[2026-09-06 23:18:18 IST] Running build_data_from_audit.py (SEBI verification & Non-SEBI ledger)...
[2026-09-06 23:18:21 IST] Data building and Non-SEBI ledger upsert finished.
[2026-09-06 23:18:21 IST] Non-SEBI Cumulative Ledger Status:
[2026-09-06 23:18:21 IST]   Total Unique Creators: 719
[2026-09-06 23:18:21 IST]   Cumulative Volume Held: INR 31,446,165.00
[2026-09-06 23:18:21 IST]   Excel Generated: True
[2026-09-06 23:18:21 IST]   Manager PDF Generated: True
[2026-09-06 23:18:21 IST]   Payout PDF Generated: True
[2026-09-06 23:18:21 IST] ======================================================================
[2026-09-06 23:18:21 IST] DAILY AUDIT PIPELINE COMPLETED SUCCESSFULLY BEFORE 08:00 AM!
[2026-09-06 23:18:21 IST] ======================================================================
[2026-09-07 07:38:20 IST] ======================================================================
[2026-09-07 07:38:20 IST] STARTING COSMOFEED DAILY PAYOUT & COMPLIANCE PIPELINE FOR 2026-09-07
[2026-09-07 07:38:20 IST] Execution Mode: 100% Cloud Autonomous (India Standard Time)
[2026-09-07 07:38:20 IST] ======================================================================
[2026-09-07 07:38:20 IST] Found valid COSMOFEED_TOKEN in environment. Initiating LIVE settlement scrape from Cosmofeed API...
[2026-09-07 07:49:58 IST] Live settlement scrape completed successfully.
[2026-09-07 07:49:58 IST] Running build_data_from_audit.py (SEBI verification & Non-SEBI ledger)...
[2026-09-07 07:50:04 IST] Data building and Non-SEBI ledger upsert finished.
[2026-09-07 07:50:04 IST] Non-SEBI Cumulative Ledger Status:
[2026-09-07 07:50:04 IST]   Total Unique Creators: 734
[2026-09-07 07:50:04 IST]   Cumulative Volume Held: INR 34,137,362.00
[2026-09-07 07:50:04 IST]   Excel Generated: True
[2026-09-07 07:50:04 IST]   Manager PDF Generated: True
[2026-09-07 07:50:04 IST]   Payout PDF Generated: True
[2026-09-07 07:50:04 IST] ======================================================================
[2026-09-07 07:50:04 IST] DAILY AUDIT PIPELINE COMPLETED SUCCESSFULLY BEFORE 08:00 AM!
[2026-09-07 07:50:04 IST] ======================================================================
[2026-09-07 11:13:15 IST] ======================================================================
[2026-09-07 11:13:15 IST] STARTING COSMOFEED DAILY PAYOUT & COMPLIANCE PIPELINE FOR 2026-09-07
[2026-09-07 11:13:15 IST] Execution Mode: 100% Cloud Autonomous (India Standard Time)
[2026-09-07 11:13:15 IST] ======================================================================
[2026-09-07 11:13:15 IST] Found valid COSMOFEED_TOKEN in environment. Initiating LIVE settlement scrape from Cosmofeed API...
[2026-09-07 11:13:50 IST] Live settlement scrape completed successfully.
[2026-09-07 11:13:50 IST] Running build_data_from_audit.py (SEBI verification & Non-SEBI ledger)...
[2026-09-07 11:13:53 IST] Data building and Non-SEBI ledger upsert finished.
[2026-09-07 11:13:53 IST] Non-SEBI Cumulative Ledger Status:
[2026-09-07 11:13:53 IST]   Total Unique Creators: 734
[2026-09-07 11:13:53 IST]   Cumulative Volume Held: INR 34,137,362.00
[2026-09-07 11:13:53 IST]   Excel Generated: True
[2026-09-07 11:13:53 IST]   Manager PDF Generated: True
[2026-09-07 11:13:53 IST]   Payout PDF Generated: True
[2026-09-07 11:13:53 IST] ======================================================================
[2026-09-07 11:13:53 IST] DAILY AUDIT PIPELINE COMPLETED SUCCESSFULLY BEFORE 08:00 AM!
[2026-09-07 11:13:53 IST] ======================================================================
[2026-09-07 12:04:49 IST] ======================================================================
[2026-09-07 12:04:49 IST] STARTING COSMOFEED DAILY PAYOUT & COMPLIANCE PIPELINE FOR 2026-09-07
[2026-09-07 12:04:49 IST] Execution Mode: 100% Cloud Autonomous (India Standard Time)
[2026-09-07 12:04:49 IST] ======================================================================
[2026-09-07 12:04:49 IST] Found valid COSMOFEED_TOKEN in environment. Initiating LIVE settlement scrape from Cosmofeed API...
[2026-09-07 12:05:20 IST] Live settlement scrape completed successfully.
[2026-09-07 12:05:20 IST] Running build_data_from_audit.py (SEBI verification & Non-SEBI ledger)...
[2026-09-07 12:05:23 IST] Data building and Non-SEBI ledger upsert finished.
[2026-09-07 12:05:23 IST] Non-SEBI Cumulative Ledger Status:
[2026-09-07 12:05:23 IST]   Total Unique Creators: 734
[2026-09-07 12:05:23 IST]   Cumulative Volume Held: INR 34,167,992.00
[2026-09-07 12:05:23 IST]   Excel Generated: True
[2026-09-07 12:05:23 IST]   Manager PDF Generated: True
[2026-09-07 12:05:23 IST]   Payout PDF Generated: True
[2026-09-07 12:05:23 IST] ======================================================================
[2026-09-07 12:05:23 IST] DAILY AUDIT PIPELINE COMPLETED SUCCESSFULLY BEFORE 08:00 AM!
[2026-09-07 12:05:23 IST] ======================================================================
